= 

=
info move R7 visits 21 edgeVisits 1 utility -0.0690471 winrate 0.467201 scoreMean -0.4623 scoreStdev 16.5304 scoreLead -0.4623 scoreSelfplay -0.799061 prior 0.0893424 lcb -0.818182 utilityLcb -3.41104 weight 21 order 0 pv R7 F9 F7 J16 H16 J15 H15 info move R8 visits 4 edgeVisits 1 utility -0.0428946 winrate 0.479855 scoreMean -0.353274 scoreStdev 16.2929 scoreLead -0.353274 scoreSelfplay -0.608636 prior 0.0620775 lcb -0.794273 utilityLcb -3.35563 weight 4 order 1 pv R8 R9 Q8 info move G9 visits 1 edgeVisits 1 utility 0.0341225 winrate 0.516029 scoreMean 0.560557 scoreStdev 17.0558 scoreLead 0.560557 scoreSelfplay 0.475066 prior 0.061887 lcb -0.733971 utilityLcb -3.21588 weight 1 order 2 pv G9 info move S9 visits 1 edgeVisits 1 utility -0.0931803 winrate 0.45529 scoreMean -0.255715 scoreStdev 17.1028 scoreLead -0.255715 scoreSelfplay -0.865847 prior 0.069646 lcb -0.79471 utilityLcb -3.34318 weight 1 order 3 pv S9 info move K16 visits 10 edgeVisits 10 utility 0.21584 winrate 0.604329 scoreMean 1.23866 scoreStdev 16.9426 scoreLead 1.23866 scoreSelfplay 1.64245 prior 0.253913 lcb 0.502794 utilityLcb -0.0481505 weight 10 order 4 pv K16 F9 F7 L14 K15 info move J15 visits 14 edgeVisits 14 utility 0.264274 winrate 0.627475 scoreMean 1.53617 scoreStdev 16.7493 scoreLead 1.53617 scoreSelfplay 2.13217 prior 0.194069 lcb 0.544692 utilityLcb 0.0490383 weight 14 order 5 pv J15 F9 F7 R8 Q4 L13 info move K15 visits 1 edgeVisits 1 utility 0.017789 winrate 0.508291 scoreMean 0.481628 scoreStdev 17.4023 scoreLead 0.481628 scoreSelfplay 0.279131 prior 0.0887242 lcb -0.741709 utilityLcb -3.23221 weight 1 order 6 pv K15 info move Q4 visits 51 edgeVisits 0 utility -0.130545 winrate 0.437691 scoreMean -0.826179 scoreStdev 17.2937 scoreLead -0.826179 scoreSelfplay -1.37682 prior 0.0207002 lcb -4.56231 utilityLcb -13 weight 51 order 7 pv Q4 F9 F7 J15 P3 R6 S3 info move S3 visits 13 edgeVisits 0 utility -0.206774 winrate 0.401172 scoreMean -1.491 scoreStdev 17.3111 scoreLead -1.491 scoreSelfplay -2.11875 prior 0.0087584 lcb -4.59883 utilityLcb -13 weight 13 order 8 pv S3 F9 F7 J15 info move S4 visits 6 edgeVisits 0 utility -0.705162 winrate 0.162401 scoreMean -6.04616 scoreStdev 17.868 scoreLead -6.04616 scoreSelfplay -7.02053 prior 1.67207e-05 lcb -4.8376 utilityLcb -13 weight 6 order 9 pv S4 F9 F7 R7 info move R6 visits 7 edgeVisits 0 utility -0.0898487 winrate 0.457386 scoreMean -0.783587 scoreStdev 16.748 scoreLead -0.783587 scoreSelfplay -1.07244 prior 0.00170988 lcb -4.54261 utilityLcb -13 weight 7 order 10 pv R6 F9 F7 R8 info move Q5 visits 1 edgeVisits 0 utility -0.657136 winrate 0.184901 scoreMean -5.54227 scoreStdev 18.8249 scoreLead -5.54227 scoreSelfplay -6.37706 prior 1.71779e-05 lcb -4.8151 utilityLcb -13 weight 1 order 11 pv Q5 info move R5 visits 1 edgeVisits 0 utility -0.776588 winrate 0.128409 scoreMean -7.51432 scoreStdev 18.7305 scoreLead -7.51432 scoreSelfplay -7.91948 prior 1.01082e-05 lcb -4.87159 utilityLcb -13 weight 1 order 12 pv R5 info move Q6 visits 1 edgeVisits 0 utility -0.409214 winrate 0.303003 scoreMean -2.77891 scoreStdev 17.7411 scoreLead -2.77891 scoreSelfplay -3.54027 prior 0.000121405 lcb -4.697 utilityLcb -13 weight 1 order 13 pv Q6 info move Q7 visits 1 edgeVisits 0 utility -0.128165 winrate 0.438295 scoreMean -0.458918 scoreStdev 17.2083 scoreLead -0.458918 scoreSelfplay -1.09676 prior 0.0591756 lcb -4.5617 utilityLcb -13 weight 1 order 14 pv Q7 info move R9 visits 1 edgeVisits 0 utility -0.244363 winrate 0.382183 scoreMean -1.51618 scoreStdev 17.4728 scoreLead -1.51618 scoreSelfplay -2.02113 prior 0.000284661 lcb -4.61782 utilityLcb -13 weight 1 order 15 pv R9
play Q4

