{"action":"query_models","id":"foo","models":[{"internalName":"g170-b6c96-s175395328-d26788732","maxBatchSize":64,"name":"tests/models/g170-b6c96-s175395328-d26788732.bin.gz","usesHumanSLProfile":false,"usingFP16":"false","version":8},{"internalName":"b18c384nbt-humanv0","maxBatchSize":64,"name":"models/b18c384nbt-humanv0.bin.gz","usesHumanSLProfile":true,"usingFP16":"false","version":15}]}
{"id":"foo","isDuringSearch":false,"moveInfos":[{"edgeVisits":9,"edgeWeight":9.0,"humanPrior":0.595580757,"lcb":0.343357371,"move":"Q5","order":0,"prior":0.747089922,"pv":["Q5","R5","Q6","R6","Q7"],"scoreLead":-7.02096318,"scoreMean":-7.02096318,"scoreSelfplay":-7.33692155,"scoreStdev":30.8993188,"utility":-0.2328212,"utilityLcb":-0.360532423,"visits":9,"weight":9.0,"winrate":0.388968522}],"rootInfo":{"currentPlayer":"W","humanScoreMean":-21.6368752,"humanScoreStdev":71.8285307,"humanStScoreError":4.45093632,"humanStWrError":0.099768959,"humanWinrate":0.321541443,"rawLead":-7.74312592,"rawNoResultProb":0.0,"rawScoreSelfplay":-8.22738552,"rawScoreSelfplayStdev":31.4018354,"rawStScoreError":-1.0,"rawStWrError":-0.5,"rawVarTimeLeft":-1.0,"rawWinrate":0.359705999,"scoreLead":-7.09317946,"scoreSelfplay":-7.42596795,"scoreStdev":30.951090399999998,"symHash":"215BAF8265F4950EC41771439410160F","thisHash":"FA2C1B0E252C40AF31EB9DEC2CCCCD34","utility":-0.239480094,"visits":10,"weight":10.0,"winrate":0.38604227},"turnNumber":2}
{"humanPolicy":[6.86444691e-05,0.0002068459,0.00156371156,0.0004661727,5.96135324e-05,3.01921773e-05,5.50770637e-05,0.000149418498,0.0815507621,-1.0,0.346601665,0.0014975454,0.000224476113,2.2803164e-05,0.000150813969,0.00592216151,-1.0,0.159003839,0.087852858,0.000238945839,2.86170998e-05,6.11979922e-05,0.000627909321,0.01391582,0.102011785,0.0379488878,0.000209562349,2.04223088e-05,4.86094177e-05,0.000366787193,0.051155217,0.0423813164,0.0635823458,0.000125765713,1.65830115e-05,2.75583279e-05,0.000252151454,0.000483204756,0.000479027163,0.000192679814,0.000173619424,1.4721285e-05,4.68081998e-05,2.05782817e-05,4.03520025e-05,2.12135747e-05,1.74688266e-05,1.21586027e-05,3.7830705e-05,1.43891566e-05],"id":"foo","isDuringSearch":false,"moveInfos":[{"edgeVisits":6,"edgeWeight":6.0,"humanPrior":0.159003839,"lcb":0.909193325,"move":"D5","order":0,"prior":0.694336712,"pv":["D5","D3","E3"],"scoreLead":10.678413,"scoreMean":10.678413,"scoreSelfplay":17.8136434,"scoreStdev":10.1127617,"utility":0.876974662,"utilityLcb":0.65032835,"visits":6,"weight":6.0,"winrate":0.990138436},{"edgeVisits":3,"edgeWeight":3.0,"humanPrior":0.102011785,"lcb":0.725732897,"move":"D4","order":1,"prior":0.259906083,"pv":["D4","D5","C4"],"scoreLead":10.4551684,"scoreMean":10.4551684,"scoreSelfplay":19.9358568,"scoreStdev":11.2093222,"utility":0.890828523,"utilityLcb":0.137014841,"visits":3,"weight":3.0,"winrate":0.994952069}],"ownership":[0.377908,0.472728,0.400251,0.413132,0.359308,0.270298,0.201806,0.446249,0.451938,0.323734,0.481912,0.429427,0.307479,0.200343,0.359553,0.488578,0.890953,0.672855,0.373444,0.288723,0.1928,0.361115,0.477832,0.454383,0.433047,0.419086,0.204149,0.162083,0.245897,0.251135,0.382372,-0.169173,0.115148,0.089997,0.078641,0.145908,0.100867,-0.016149,-0.091416,-0.029972,-0.06124,-0.030782,0.04807,-0.013095,-0.058428,-0.087736,-0.095803,-0.123612,-0.098765],"policy":[2.45338142e-05,4.53767861e-05,3.75308118e-05,3.4369139e-05,3.60671183e-05,5.78527761e-05,4.14012284e-05,4.40490221e-05,0.000719440694,-1.0,0.00894457195,7.74770233e-05,8.57391278e-05,6.1455532e-05,4.40249205e-05,0.000144242338,-1.0,0.694336712,0.00568302488,9.57005541e-05,5.27259108e-05,4.51800115e-05,0.000205694145,0.00268000993,0.259906083,0.0210749451,9.02411412e-05,5.5012104e-05,5.03227893e-05,6.63370738e-05,0.000613481971,0.00346120214,0.000252987258,6.44720712e-05,4.31625704e-05,4.06826257e-05,7.47281738e-05,9.72333874e-05,7.27158331e-05,7.0824055e-05,6.57788551e-05,4.82647447e-05,4.50410516e-05,4.69558108e-05,4.99996495e-05,4.62141215e-05,4.29544998e-05,4.88409423e-05,3.75244417e-05,3.69180925e-05],"rootInfo":{"currentPlayer":"W","humanScoreMean":13.750555,"humanScoreStdev":16.5725849,"humanStScoreError":1.74244237,"humanStWrError":0.00400809385,"humanWinrate":0.820711076,"rawLead":18.2429409,"rawNoResultProb":0.0,"rawScoreSelfplay":32.5102272,"rawScoreSelfplayStdev":9.45907201,"rawStScoreError":-1.0,"rawStWrError":-0.5,"rawVarTimeLeft":-1.0,"rawWinrate":0.997110963,"scoreLead":11.4693062,"scoreSelfplay":19.9182001,"scoreStdev":11.2522307,"symHash":"142D62B902727ED7A147F45224109E72","thisHash":"290AC1DB39349793CE09682AF7CA6A6E","utility":0.910747299,"visits":10,"weight":10.0,"winrate":0.991982859},"turnNumber":2}
{"humanPolicy":[0.00085105293,0.127384171,-1.0,0.290727615,0.0010352697,0.000131353547,0.000182530246,0.000744956022,0.0876227096,-1.0,0.293539226,0.00309163309,0.000275493279,4.34556532e-05,0.000228278179,0.0282620732,-1.0,0.0847807452,0.0041238782,0.000126463827,3.99292076e-05,0.000125189879,0.000822850387,0.0288031511,0.0199425146,0.0027553821,7.42711927e-05,2.86806371e-05,5.41531226e-05,0.000223356401,0.0101836845,0.00428659702,0.00829406083,7.52767883e-05,2.76686533e-05,3.60528793e-05,9.99691183e-05,0.000115758194,0.000113864735,0.000100738391,0.000136638657,2.78278021e-05,0.000160323601,3.3839231e-05,3.96750438e-05,3.15586003e-05,3.04924051e-05,2.8561657e-05,0.000145731145,1.1236245e-05],"id":"foo","isDuringSearch":false,"moveInfos":[{"edgeVisits":7,"edgeWeight":7.0,"humanPrior":0.0847807452,"lcb":0.288507016,"move":"D5","order":0,"prior":0.612090468,"pv":["D5","D6","D4"],"scoreLead":-1.68954319,"scoreMean":-1.68954319,"scoreSelfplay":-2.63235195,"scoreStdev":13.378037,"utility":-0.291877359,"utilityLcb":-0.481939179,"visits":7,"weight":7.0,"winrate":0.356386238},{"edgeVisits":2,"edgeWeight":2.0,"humanPrior":0.0199425146,"lcb":-0.34720539,"move":"D4","order":1,"prior":0.310260922,"pv":["D4","D5"],"scoreLead":-2.94438857,"scoreMean":-2.94438857,"scoreSelfplay":-4.28857267,"scoreStdev":12.2481958,"utility":-0.754973082,"utilityLcb":-2.304096,"visits":2,"weight":2.0,"winrate":0.206052795}],"ownership":[-0.142169,-0.243858,-0.272976,-0.140009,0.086308,0.043381,0.127612,-0.247047,-0.176303,-0.030179,-0.233411,0.123215,0.084242,0.086467,-0.184877,-0.325595,-0.622656,0.614386,0.090022,0.131709,0.094224,-0.069468,-0.0648,0.208591,-0.030044,0.099041,0.182085,0.084689,-0.004206,0.023637,0.079321,0.066585,0.11324,0.111402,0.086181,0.036472,0.070743,0.069758,0.09954,0.071539,0.108027,0.073706,0.052517,0.055714,0.056071,0.054355,0.059737,0.072066,0.094346],"policy":[5.90559539e-05,0.000464014942,-1.0,7.61950578e-05,0.000104330204,0.000135126291,0.000122205136,0.000133477151,0.000264561007,-1.0,0.0279946737,0.000225069962,0.000139003168,0.000141953496,7.11018438e-05,0.000759935414,-1.0,0.612090468,0.019295644,0.000146504142,0.000114206297,8.7636683e-05,0.000113454109,0.00353930308,0.310260922,0.0127884233,0.000119564989,0.00011881614,9.63182974e-05,0.000180803443,0.00080827187,0.00699941069,0.000631156319,0.000136605464,0.000105863968,0.000124025217,0.000109793313,0.000141023935,0.000114052724,0.000139429219,0.000116800387,0.000113895119,0.000126400148,0.000120532859,9.44036365e-05,0.000104627929,9.91108463e-05,0.000105424202,0.000105429128,6.08757e-05],"rootInfo":{"currentPlayer":"B","humanScoreMean":-3.7547440500000002,"humanScoreStdev":19.0105741,"humanStScoreError":2.56396604,"humanStWrError":0.0267658867,"humanWinrate":0.341536388,"rawLead":-1.49701595,"rawNoResultProb":0.0,"rawScoreSelfplay":-1.6162231,"rawScoreSelfplayStdev":13.9577497,"rawStScoreError":-1.0,"rawStWrError":-0.5,"rawVarTimeLeft":-1.0,"rawWinrate":0.409201384,"scoreLead":-1.80757854,"scoreSelfplay":-2.70347327,"scoreStdev":13.3390415,"symHash":"478E9637C4E9D7DD298C5EDA99EA7431","thisHash":"90E43B353BA64F45F3186642D389E6E7","utility":-0.332081912,"visits":10,"weight":10.0,"winrate":0.345550871},"turnNumber":3}
{"humanPolicy":[0.00085105293,0.127384171,-1.0,0.290727615,0.0010352697,0.000131353547,0.000182530246,0.000744956022,0.0876227096,-1.0,0.293539226,0.00309163309,0.000275493279,4.34556532e-05,0.000228278179,0.0282620732,-1.0,0.0847807452,0.0041238782,0.000126463827,3.99292076e-05,0.000125189879,0.000822850387,0.0288031511,0.0199425146,0.0027553821,7.42711927e-05,2.86806371e-05,5.41531226e-05,0.000223356401,0.0101836845,0.00428659702,0.00829406083,7.52767883e-05,2.76686533e-05,3.60528793e-05,9.99691183e-05,0.000115758194,0.000113864735,0.000100738391,0.000136638657,2.78278021e-05,0.000160323601,3.3839231e-05,3.96750438e-05,3.15586003e-05,3.04924051e-05,2.8561657e-05,0.000145731145,1.1236245e-05],"id":"foo","isDuringSearch":false,"moveInfos":[{"edgeVisits":16,"edgeWeight":16.0,"humanPrior":0.0847807452,"lcb":0.194081829,"move":"D5","order":0,"prior":0.612090468,"pv":["D5","D4","C4","B5","E4"],"scoreLead":-1.82040641,"scoreMean":-1.82040641,"scoreSelfplay":-2.93029889,"scoreStdev":12.9008282,"utility":-0.457859134,"utilityLcb":-0.777482788,"visits":16,"weight":16.0,"winrate":0.308233134},{"edgeVisits":3,"edgeWeight":3.0,"humanPrior":0.0199425146,"lcb":-0.0623825843,"move":"D4","order":1,"prior":0.310260922,"pv":["D4","D5","E5"],"scoreLead":-2.59038905,"scoreMean":-2.59038905,"scoreSelfplay":-3.97173214,"scoreStdev":12.1992103,"utility":-0.600103202,"utilityLcb":-1.3872723,"visits":3,"weight":3.0,"winrate":0.218749235}],"ownership":[-0.076745,-0.180073,-0.230928,-0.093141,0.035493,0.001355,0.072197,-0.175824,0.003957,0.087741,-0.183882,0.104591,0.068346,0.056489,-0.133441,-0.267325,-0.490499,0.702796,0.246049,0.129841,0.073855,-0.07158,-0.037739,0.122035,-0.085859,0.131758,0.173403,0.083124,-0.024762,-0.026832,0.033871,-0.007419,0.09322,0.100576,0.094527,0.016759,0.033097,0.015161,0.081621,0.055704,0.10511,0.090365,0.028346,0.05237,0.040722,0.04532,0.059747,0.099248,0.114559],"ownershipStdev":[0.392209,0.349335,0.347727,0.330862,0.313722,0.285425,0.239634,0.3421,0.507272,0.47183,0.472422,0.303753,0.303779,0.240401,0.274839,0.300723,0.354113,0.266491,0.250813,0.202193,0.167035,0.201943,0.219803,0.387256,0.61016,0.243314,0.168961,0.173306,0.180825,0.228623,0.263668,0.316538,0.194802,0.209368,0.166544,0.148985,0.180974,0.188989,0.18179,0.186986,0.167815,0.14479,0.132506,0.17129,0.149549,0.134602,0.129067,0.164111,0.129268],"policy":[5.90559539e-05,0.000464014942,-1.0,7.61950578e-05,0.000104330204,0.000135126291,0.000122205136,0.000133477151,0.000264561007,-1.0,0.0279946737,0.000225069962,0.000139003168,0.000141953496,7.11018438e-05,0.000759935414,-1.0,0.612090468,0.019295644,0.000146504142,0.000114206297,8.7636683e-05,0.000113454109,0.00353930308,0.310260922,0.0127884233,0.000119564989,0.00011881614,9.63182974e-05,0.000180803443,0.00080827187,0.00699941069,0.000631156319,0.000136605464,0.000105863968,0.000124025217,0.000109793313,0.000141023935,0.000114052724,0.000139429219,0.000116800387,0.000113895119,0.000126400148,0.000120532859,9.44036365e-05,0.000104627929,9.91108463e-05,0.000105424202,0.000105429128,6.08757e-05],"rootInfo":{"currentPlayer":"B","humanScoreMean":-3.7547440500000002,"humanScoreStdev":19.0105741,"humanStScoreError":2.56396604,"humanStWrError":0.0267658867,"humanWinrate":0.341536388,"rawLead":-1.49701595,"rawNoResultProb":0.0,"rawScoreSelfplay":-1.6162231,"rawScoreSelfplayStdev":13.9577497,"rawStScoreError":-1.0,"rawStWrError":-0.5,"rawVarTimeLeft":-1.0,"rawWinrate":0.409201384,"scoreLead":-1.91973428,"scoreSelfplay":-3.02081009,"scoreStdev":12.862736,"symHash":"478E9637C4E9D7DD298C5EDA99EA7431","thisHash":"90E43B353BA64F45F3186642D389E6E7","utility":-0.465833918,"visits":20,"weight":20.0,"winrate":0.299858961},"turnNumber":3}
{"id":"foo","isDuringSearch":false,"moveInfos":[{"edgeVisits":9,"edgeWeight":9.0,"humanPrior":0.0704989582,"lcb":0.611366348,"move":"R7","order":0,"prior":0.143602043,"pv":["R7","R8","Q7","O9","Q4","J15","G16","G15"],"scoreLead":8.08597813,"scoreMean":8.08597813,"scoreSelfplay":6.17688991,"scoreStdev":29.2328538,"utility":0.330245627,"utilityLcb":0.198381649,"visits":12,"weight":12.0,"winrate":0.658460625},{"edgeVisits":8,"edgeWeight":8.0,"humanPrior":0.0369729027,"lcb":0.587439956,"move":"K16","order":1,"prior":0.299649209,"pv":["K16","L14","K15","R8","L15"],"scoreLead":8.13835698,"scoreMean":8.13835698,"scoreSelfplay":5.99915028,"scoreStdev":29.1429881,"utility":0.300015633,"utilityLcb":0.12265917,"visits":8,"weight":8.0,"winrate":0.65078155},{"edgeVisits":6,"edgeWeight":6.0,"humanPrior":0.0121138059,"lcb":0.563390145,"move":"R8","order":2,"prior":0.0961696729,"pv":["R8","R9","Q8","P8","P7","O8"],"scoreLead":7.95219858,"scoreMean":7.95219858,"scoreSelfplay":5.93081896,"scoreStdev":29.683339,"utility":0.307216346,"utilityLcb":0.0661659492,"visits":6,"weight":6.0,"winrate":0.649479573},{"edgeVisits":6,"edgeWeight":6.0,"humanPrior":0.0130079212,"lcb":0.513822348,"move":"J15","order":3,"prior":0.0925599933,"pv":["J15","F9","E8","F7"],"scoreLead":6.58242629,"scoreMean":6.58242629,"scoreSelfplay":4.69592656,"scoreStdev":29.3470708,"utility":0.302955063,"utilityLcb":-0.01864657,"visits":6,"weight":6.0,"winrate":0.628680074},{"edgeVisits":0,"edgeWeight":0.0,"humanPrior":0.00642104633,"lcb":-4.33828032,"move":"Q7","order":4,"prior":0.0455860682,"pv":["Q7"],"scoreLead":8.76023674,"scoreMean":8.76023674,"scoreSelfplay":6.90621614,"scoreStdev":28.6780761,"utility":0.343936299,"utilityLcb":-14.0,"visits":1,"weight":1.0,"winrate":0.66171968},{"edgeVisits":0,"edgeWeight":0.0,"humanPrior":0.196276128,"lcb":-4.37258067,"move":"Q4","order":5,"prior":0.0315878764,"pv":["Q4","R7","S3","S2","S5","T3","K16","L14","K15","M13","P7","O8"],"scoreLead":7.01562071,"scoreMean":7.01562071,"scoreSelfplay":5.28078061,"scoreStdev":30.3229682,"utility":0.250196733,"utilityLcb":-14.0,"visits":34,"weight":34.0,"winrate":0.627419329},{"edgeVisits":0,"edgeWeight":0.0,"humanPrior":0.0410674475,"lcb":-4.37623332,"move":"G9","order":6,"prior":0.0183196962,"pv":["G9","J15","G16","G15","F16","R8"],"scoreLead":6.36450438,"scoreMean":6.36450438,"scoreSelfplay":4.62818563,"scoreStdev":28.8008677,"utility":0.22354865,"utilityLcb":-14.0,"visits":6,"weight":6.0,"winrate":0.623766683},{"edgeVisits":0,"edgeWeight":0.0,"humanPrior":0.0667431131,"lcb":-4.40292483,"move":"S3","order":7,"prior":0.0070363814,"pv":["S3","F9","E8","F7","E7","K16","J16"],"scoreLead":5.50046295,"scoreMean":5.50046295,"scoreSelfplay":3.27694425,"scoreStdev":29.6422103,"utility":0.230296386,"utilityLcb":-14.0,"visits":11,"weight":11.0,"winrate":0.597075171},{"edgeVisits":0,"edgeWeight":0.0,"humanPrior":0.0245730467,"lcb":-4.5489928,"move":"A2","order":8,"prior":0.00615402218,"pv":["A2","R8","K16"],"scoreLead":0.118045151,"scoreMean":0.118045151,"scoreSelfplay":-1.87152922,"scoreStdev":28.9113759,"utility":-0.1340305,"utilityLcb":-14.0,"visits":3,"weight":3.0,"winrate":0.451007202},{"edgeVisits":0,"edgeWeight":0.0,"humanPrior":0.0320390388,"lcb":-4.35725196,"move":"R6","order":9,"prior":0.00500496011,"pv":["R6","R8","Q4","K16"],"scoreLead":7.52803798,"scoreMean":7.52803798,"scoreSelfplay":5.53660405,"scoreStdev":29.5487487,"utility":0.310982079,"utilityLcb":-14.0,"visits":5,"weight":5.0,"winrate":0.642748042},{"edgeVisits":0,"edgeWeight":0.0,"humanPrior":0.00720959064,"lcb":-4.31476974,"move":"R9","order":10,"prior":0.00287598767,"pv":["R9"],"scoreLead":9.72720909,"scoreMean":9.72720909,"scoreSelfplay":7.87389994,"scoreStdev":28.7133862,"utility":0.397764316,"utilityLcb":-14.0,"visits":1,"weight":1.0,"winrate":0.685230255},{"edgeVisits":0,"edgeWeight":0.0,"humanPrior":0.00646984437,"lcb":-4.35279335,"move":"N14","order":11,"prior":0.00248187641,"pv":["N14"],"scoreLead":7.90124035,"scoreMean":7.90124035,"scoreSelfplay":5.23924732,"scoreStdev":29.1702774,"utility":0.303052273,"utilityLcb":-14.0,"visits":1,"weight":1.0,"winrate":0.647206649},{"edgeVisits":0,"edgeWeight":0.0,"humanPrior":0.00895533897,"lcb":-4.34474348,"move":"O13","order":12,"prior":0.00242591579,"pv":["O13"],"scoreLead":8.16949081,"scoreMean":8.16949081,"scoreSelfplay":5.78538656,"scoreStdev":29.0116449,"utility":0.323010291,"utilityLcb":-14.0,"visits":1,"weight":1.0,"winrate":0.655256525},{"edgeVisits":0,"edgeWeight":0.0,"humanPrior":0.0245003551,"lcb":-4.54082953,"move":"B3","order":13,"prior":0.00173814746,"pv":["B3","J15","G16"],"scoreLead":-0.0101203285,"scoreMean":-0.0101203285,"scoreSelfplay":-1.75930297,"scoreStdev":29.5099968,"utility":-0.16220499,"utilityLcb":-14.0,"visits":3,"weight":3.0,"winrate":0.459170471},{"edgeVisits":0,"edgeWeight":0.0,"humanPrior":0.00676564919,"lcb":-4.35911191,"move":"Q6","order":14,"prior":0.000461741001,"pv":["Q6"],"scoreLead":7.61182117,"scoreMean":7.61182117,"scoreSelfplay":5.6964612,"scoreStdev":28.6284269,"utility":0.293728419,"utilityLcb":-14.0,"visits":1,"weight":1.0,"winrate":0.640888095},{"edgeVisits":0,"edgeWeight":0.0,"humanPrior":0.0122185238,"lcb":-4.43345466,"move":"Q5","order":15,"prior":0.00039760361,"pv":["Q5","Q7"],"scoreLead":4.0382123,"scoreMean":4.0382123,"scoreSelfplay":1.7279577,"scoreStdev":29.8528976,"utility":0.117625944,"utilityLcb":-14.0,"visits":2,"weight":2.0,"winrate":0.566545337},{"edgeVisits":0,"edgeWeight":0.0,"humanPrior":0.00867162365,"lcb":-4.38553143,"move":"G16","order":16,"prior":0.000390538655,"pv":["G16"],"scoreLead":5.58231401,"scoreMean":5.58231401,"scoreSelfplay":3.93839693,"scoreStdev":28.1350094,"utility":0.228396849,"utilityLcb":-14.0,"visits":1,"weight":1.0,"winrate":0.614468575},{"edgeVisits":0,"edgeWeight":0.0,"humanPrior":0.0372956283,"lcb":-4.4319852,"move":"G7","order":17,"prior":0.000152148568,"pv":["G7","H7","K16","F7"],"scoreLead":3.97652295,"scoreMean":3.97652295,"scoreSelfplay":1.9151329,"scoreStdev":29.4298508,"utility":0.0987521297,"utilityLcb":-14.0,"visits":5,"weight":5.0,"winrate":0.568014801},{"edgeVisits":0,"edgeWeight":0.0,"humanPrior":0.0294175632,"lcb":-4.44754757,"move":"F9","order":18,"prior":0.000124999773,"pv":["F9","J15","G16","R8"],"scoreLead":2.88289618,"scoreMean":2.88289618,"scoreSelfplay":1.10465622,"scoreStdev":29.088222,"utility":0.06584652,"utilityLcb":-14.0,"visits":4,"weight":4.0,"winrate":0.55245243},{"edgeVisits":0,"edgeWeight":0.0,"humanPrior":0.0254612062,"lcb":-4.41798653,"move":"S4","order":19,"prior":7.53730419e-05,"pv":["S4","R7","Q4","P4"],"scoreLead":4.84662789,"scoreMean":4.84662789,"scoreSelfplay":2.82921119,"scoreStdev":30.154514,"utility":0.162800405,"utilityLcb":-14.0,"visits":4,"weight":4.0,"winrate":0.582013465},{"edgeVisits":0,"edgeWeight":0.0,"humanPrior":0.00638746982,"lcb":-4.41770808,"move":"R5","order":20,"prior":6.60523001e-05,"pv":["R5"],"scoreLead":4.52189541,"scoreMean":4.52189541,"scoreSelfplay":2.35884333,"scoreStdev":29.0260021,"utility":0.153006862,"utilityLcb":-14.0,"visits":1,"weight":1.0,"winrate":0.582291916},{"edgeVisits":0,"edgeWeight":0.0,"humanPrior":0.0204663873,"lcb":-4.47219093,"move":"F7","order":21,"prior":5.66477829e-05,"pv":["F7","J15","G16"],"scoreLead":2.32166767,"scoreMean":2.32166767,"scoreSelfplay":0.479557733,"scoreStdev":29.3534604,"utility":0.0140491053,"utilityLcb":-14.0,"visits":3,"weight":3.0,"winrate":0.527809074},{"edgeVisits":0,"edgeWeight":0.0,"humanPrior":0.063257955,"lcb":-4.48298255,"move":"L3","order":22,"prior":4.15763898e-05,"pv":["L3","L4","K16","L14","K15"],"scoreLead":1.9343669,"scoreMean":1.9343669,"scoreSelfplay":-0.0668935908,"scoreStdev":29.3443872,"utility":-0.0105349784,"utilityLcb":-14.0,"visits":9,"weight":9.0,"winrate":0.517017451},{"edgeVisits":0,"edgeWeight":0.0,"humanPrior":0.0476166792,"lcb":-4.62304348,"move":"M1","order":23,"prior":2.34301406e-05,"pv":["M1","F9","E8","F7","E7"],"scoreLead":-4.20158163,"scoreMean":-4.20158163,"scoreSelfplay":-5.73621394,"scoreStdev":29.9214239,"utility":-0.268330339,"utilityLcb":-14.0,"visits":6,"weight":6.0,"winrate":0.376956516},{"edgeVisits":0,"edgeWeight":0.0,"humanPrior":0.043335259,"lcb":-4.62318677,"move":"L1","order":24,"prior":1.39781723e-05,"pv":["L1","F9","E8","F7"],"scoreLead":-4.16613192,"scoreMean":-4.16613192,"scoreSelfplay":-5.74126837,"scoreStdev":29.9760394,"utility":-0.339467432,"utilityLcb":-14.0,"visits":5,"weight":5.0,"winrate":0.376813234},{"edgeVisits":0,"edgeWeight":0.0,"humanPrior":0.0246800892,"lcb":-4.61288483,"move":"J1","order":25,"prior":6.92894901e-06,"pv":["J1","F9","E8"],"scoreLead":-3.05306734,"scoreMean":-3.05306734,"scoreSelfplay":-4.52198013,"scoreStdev":29.6446875,"utility":-0.267975149,"utilityLcb":-14.0,"visits":3,"weight":3.0,"winrate":0.387115166}],"rootInfo":{"currentPlayer":"W","humanScoreMean":28.7761803,"humanScoreStdev":53.3557905,"humanStScoreError":5.88358259,"humanStWrError":0.210925847,"humanWinrate":0.690225601,"rawLead":8.56680107,"rawNoResultProb":0.0,"rawScoreSelfplay":6.07295275,"rawScoreSelfplayStdev":30.5714672,"rawStScoreError":-1.0,"rawStWrError":-0.5,"rawVarTimeLeft":-1.0,"rawWinrate":0.662818477,"scoreLead":7.92014133,"scoreSelfplay":5.89876879,"scoreStdev":29.3485729,"symHash":"1A326E1983022DB5AB1F2B942BB7BC2D","thisHash":"AFFF600595A143143082974D1DEECB2A","utility":0.313992732,"visits":30,"weight":30.0,"winrate":0.651167001},"turnNumber":0}
