=
info move E5 visits 22 utility -0.802345 winrate 0.101754 scoreMean -0.465401 scoreStdev 8.31547 scoreLead -0.465401 scoreSelfplay -1.78779 prior 0.581213 lcb 0.0939552 utilityLcb -0.824182 weight 42.8229 order 0 pv E5 E3 C4 D7 info move F5 visits 7 utility -0.776368 winrate 0.116963 scoreMean -0.291177 scoreStdev 7.16022 scoreLead -0.291177 scoreSelfplay -1.51293 prior 0.0861474 lcb 0.0617736 utilityLcb -0.930898 weight 12.6827 order 1 pv F5 D5 E7 D3 C6 info move D5 visits 7 utility -0.776368 winrate 0.116963 scoreMean -0.291177 scoreStdev 7.16022 scoreLead -0.291177 scoreSelfplay -1.51293 prior 0.0861474 lcb 0.0617736 utilityLcb -0.930898 weight 12.6827 isSymmetryOf F5 order 2 pv D5 F5 E7 F3 G6 info move E4 visits 7 utility -0.776368 winrate 0.116963 scoreMean -0.291177 scoreStdev 7.16022 scoreLead -0.291177 scoreSelfplay -1.51293 prior 0.0861474 lcb 0.0617736 utilityLcb -0.930898 weight 12.6827 isSymmetryOf F5 order 3 pv E4 E6 C5 G6 D7 info move E6 visits 7 utility -0.776368 winrate 0.116963 scoreMean -0.291177 scoreStdev 7.16022 scoreLead -0.291177 scoreSelfplay -1.51293 prior 0.0861474 lcb 0.0617736 utilityLcb -0.930898 weight 12.6827 isSymmetryOf F5 order 4 pv E6 E4 C5 G4 D3
play E5

